DO
DO
BEGIN
DO
DO
DROP SEQUENCE
DROP SEQUENCE
DO
DO
DO
DO
DO
DO
DROP TABLE
DROP TABLE
DROP TABLE
DROP TABLE
DROP TABLE
DROP TABLE
DROP TABLE
DROP TABLE
DROP TABLE
DROP TABLE
DROP TABLE
DROP TABLE
DROP TABLE
DROP TABLE
DROP TABLE
DROP TABLE
DROP TABLE
DROP TABLE
DROP TABLE
DROP TABLE
DROP TABLE
DROP TABLE
DROP TABLE
DROP TABLE
DROP TABLE
DROP TABLE
DROP TABLE
DROP TABLE
DROP TABLE
DROP TABLE
DROP TABLE
DROP TABLE
DROP TABLE
DROP TABLE
DROP TABLE
DROP TABLE
DROP TABLE
DROP SEQUENCE
DROP SEQUENCE
DO
DO
DO
DROP TYPE
DROP TYPE
DROP FUNCTION
DROP FUNCTION
DROP FUNCTION
DROP FUNCTION
DROP FUNCTION
DROP FUNCTION
DROP FUNCTION
DROP FUNCTION
DROP FUNCTION
DROP FUNCTION
DROP FUNCTION
DROP FUNCTION
DROP FUNCTION
DROP FUNCTION
DROP FUNCTION
DROP FUNCTION
DROP FUNCTION
DROP FUNCTION
DROP FUNCTION
DROP FUNCTION
DROP FUNCTION
DROP FUNCTION
DROP FUNCTION
DROP FUNCTION
DROP FUNCTION
DROP FUNCTION
DROP FUNCTION
DO
DROP FUNCTION
DROP FUNCTION
DROP FUNCTION
DROP FUNCTION
DROP FUNCTION
DROP FUNCTION
DROP FUNCTION
DROP FUNCTION
DROP FUNCTION
DROP FUNCTION
DROP FUNCTION
DROP TYPE
DROP TYPE
DROP FUNCTION
DROP FUNCTION
DROP FUNCTION
DROP FUNCTION
DROP FUNCTION
DROP FUNCTION
DROP FUNCTION
DO
DO
DROP FUNCTION
DROP FUNCTION
DROP FUNCTION
DROP FUNCTION
DROP FUNCTION
DROP FUNCTION
DROP FUNCTION
DROP FUNCTION
DROP FUNCTION
DROP FUNCTION
DROP FUNCTION
DROP FUNCTION
DROP FUNCTION
DROP FUNCTION
DROP FUNCTION
DROP FUNCTION
DROP FUNCTION
DROP FUNCTION
DROP FUNCTION
DROP FUNCTION
DROP FUNCTION
DROP FUNCTION
DROP FUNCTION
DROP FUNCTION
DROP FUNCTION
DROP FUNCTION
DROP FUNCTION
DROP FUNCTION
DROP FUNCTION
DROP FUNCTION
DROP FUNCTION
DROP FUNCTION
DROP FUNCTION
DROP FUNCTION
DROP FUNCTION
DROP FUNCTION
DROP FUNCTION
DROP FUNCTION
DROP FUNCTION
DROP FUNCTION
DROP FUNCTION
DROP FUNCTION
DROP FUNCTION
DROP FUNCTION
DROP FUNCTION
DROP FUNCTION
DROP FUNCTION
DROP FUNCTION
DROP FUNCTION
DROP FUNCTION
DROP FUNCTION
DROP FUNCTION
DROP FUNCTION
DROP FUNCTION
DROP FUNCTION
DROP FUNCTION
DROP FUNCTION
DROP FUNCTION
DROP FUNCTION
DROP FUNCTION
DROP FUNCTION
DROP FUNCTION
DROP FUNCTION
DROP FUNCTION
DROP FUNCTION
DROP FUNCTION
DROP FUNCTION
DROP FUNCTION
DROP FUNCTION
DROP FUNCTION
DROP FUNCTION
DROP FUNCTION
DROP FUNCTION
DROP FUNCTION
DROP FUNCTION
DROP FUNCTION
DROP FUNCTION
DROP FUNCTION
DROP TABLE
DROP TABLE
DROP TABLE
DROP TABLE
DROP TABLE
DROP TABLE
DROP VIEW
DROP VIEW
DROP VIEW
DROP VIEW
DROP VIEW
DROP VIEW
DROP VIEW
DROP VIEW
DROP VIEW
DROP VIEW
DROP VIEW
DROP VIEW
DROP VIEW
DROP VIEW
DROP VIEW
DROP TABLE
DROP TABLE
DROP TABLE
DROP TABLE
DROP TABLE
DROP TABLE
DROP TABLE
DROP TABLE
DROP TABLE
DROP TABLE
DROP TABLE
DROP TABLE
DROP TABLE
DROP TABLE
DROP TABLE
DROP TABLE
DROP VIEW
DROP VIEW
DROP VIEW
DO
DO
DO
DO
SET
DO
DO
DROP TYPE
DROP TYPE
CREATE TYPE
CREATE TYPE
COMMENT
COMMENT
CREATE FUNCTION
COMMENT
                                 List of functions
    Schema     |      Name       | Result data type | Argument data types |  Type  
---------------+-----------------+------------------+---------------------+--------
 rif40_log_pkg | rif40_log_setup | void             |                     | normal
(1 row)

CREATE FUNCTION
COMMENT
                                     List of functions
    Schema     |           Name           | Result data type | Argument data types |  Type  
---------------+--------------------------+------------------+---------------------+--------
 rif40_log_pkg | rif40_send_debug_to_info | void             | enable boolean      | normal
(1 row)

CREATE FUNCTION
COMMENT
                                                                List of functions
    Schema     |          Name          | Result data type |                            Argument data types                             |  Type  
---------------+------------------------+------------------+----------------------------------------------------------------------------+--------
 rif40_log_pkg | rif40_is_debug_enabled | boolean          | function_name character varying, debug rif40_log_pkg.rif40_log_debug_level | normal
(1 row)

CREATE FUNCTION
COMMENT
                                           List of functions
    Schema     |          Name           | Result data type |       Argument data types       |  Type  
---------------+-------------------------+------------------+---------------------------------+--------
 rif40_log_pkg | rif40_remove_from_debug | void             | function_name character varying | normal
(1 row)

CREATE FUNCTION
COMMENT
                                       List of functions
    Schema     |        Name        | Result data type |     Argument data types      |  Type  
---------------+--------------------+------------------+------------------------------+--------
 rif40_log_pkg | rif40_add_to_debug | void             | debug_text character varying | normal
(1 row)

CREATE FUNCTION
COMMENT
                                                List of functions
    Schema     |      Name       |            Result data type            |     Argument data types      |  Type  
---------------+-----------------+----------------------------------------+------------------------------+--------
 rif40_log_pkg | rif40_get_debug | SETOF rif40_log_pkg.rif40_debug_record | debug_text character varying | normal
(1 row)

CREATE FUNCTION
COMMENT
                                                        List of functions
    Schema     |            Name             | Result data type  |                  Argument data types                  |  Type  
---------------+-----------------------------+-------------------+-------------------------------------------------------+--------
 rif40_log_pkg | rif40_get_error_code_action | character varying | l_error_code integer, function_name character varying | normal
(1 row)

CREATE FUNCTION
COMMENT
                                                                       List of functions
    Schema     |    Name     | Result data type |                                         Argument data types                                         |  Type  
---------------+-------------+------------------+-----------------------------------------------------------------------------------------------------+--------
 rif40_log_pkg | rif40_error | void             | l_error_code integer, function_name character varying, VARIADIC format_and_args character varying[] | normal
(1 row)

CREATE FUNCTION
COMMENT
                                                                                   List of functions
    Schema     |   Name    | Result data type |                                                      Argument data types                                                       |  Type  
---------------+-----------+------------------+--------------------------------------------------------------------------------------------------------------------------------+--------
 rif40_log_pkg | rif40_log | void             | debug_level rif40_log_pkg.rif40_log_debug_level, function_name character varying, VARIADIC format_and_args character varying[] | normal
(1 row)

GRANT
GRANT
GRANT
GRANT
GRANT
GRANT
GRANT
GRANT
GRANT
GRANT
GRANT
GRANT
GRANT
GRANT
GRANT
GRANT
GRANT
GRANT
 rif40_log_setup 
-----------------
 
(1 row)

 rif40_send_debug_to_info 
--------------------------
 
(1 row)

 rif40_log 
-----------
 
(1 row)

 rif40_log 
-----------
 
(1 row)

 rif40_log 
-----------
 
(1 row)

 rif40_log 
-----------
 
(1 row)

 rif40_add_to_debug 
--------------------
 
(1 row)

 rif40_log_setup 
-----------------
 
(1 row)

 rif40_is_debug_enabled 
------------------------
 t
(1 row)

 rif40_remove_from_debug 
-------------------------
 
(1 row)

 rif40_add_to_debug 
--------------------
 
(1 row)

 rif40_add_to_debug 
--------------------
 
(1 row)

            debug            
-----------------------------
 (rif40_add_to_debug,DEBUG4)
 (rif40_error,DEBUG4)
 (rif40_log,DEBUG4)
(3 rows)

   function_name    | debug  | debug_level 
--------------------+--------+-------------
 rif40_add_to_debug | DEBUG4 |           4
 rif40_error        | DEBUG4 |           4
 rif40_log          | DEBUG4 |           4
(3 rows)

 rif40_log_setup 
-----------------
 
(1 row)

 rif40_remove_from_debug 
-------------------------
 
(1 row)

 rif40_log_setup 
-----------------
 
(1 row)

 rif40_remove_from_debug 
-------------------------
 
(1 row)

 rif40_remove_from_debug 
-------------------------
 
(1 row)

DO
DO
DROP FUNCTION
CREATE VIEW
COMMENT
COMMENT
               List of relations
    Schema     |      Name       | Type | Owner 
---------------+-----------------+------+-------
 rif40_sql_pkg | user_role_privs | view | rif40
(1 row)

CREATE FUNCTION
COMMENT
CREATE FUNCTION
COMMENT
CREATE FUNCTION
COMMENT
                                         List of functions
    Schema     |              Name               | Result data type | Argument data types |  Type  
---------------+---------------------------------+------------------+---------------------+--------
 rif40_sql_pkg | is_rif40_user_manager_or_schema | boolean          |                     | normal
(1 row)

CREATE FUNCTION
COMMENT
                                      List of functions
    Schema     |            Name            | Result data type | Argument data types |  Type  
---------------+----------------------------+------------------+---------------------+--------
 rif40_sql_pkg | is_rif40_manager_or_schema | boolean          |                     | normal
(1 row)

CREATE FUNCTION
COMMENT
                                                                                                     List of functions
    Schema     |          Name          | Result data type |                                                                 Argument data types                                                                  |  Type  
---------------+------------------------+------------------+------------------------------------------------------------------------------------------------------------------------------------------------------+--------
 rif40_sql_pkg | rif40_create_fdw_table | integer          | numerator_table character varying, total_geographies integer, drop_objects boolean, fdwservername character varying, fdwservertype character varying | normal
(1 row)

CREATE FUNCTION
COMMENT
                                                                                       List of functions
    Schema     |          Name           | Result data type |                                                   Argument data types                                                    |  Type  
---------------+-------------------------+------------------+--------------------------------------------------------------------------------------------------------------------------+--------
 rif40_sql_pkg | rif40_update_fdw_tables | void             | l_table_name character varying, create_status character varying, error_message character varying, rowtest_passed integer | normal
(1 row)

CREATE FUNCTION
COMMENT
                                                                                                               List of functions
    Schema     |         Name          | Result data type |                                                                            Argument data types                                                                             |  Type  
---------------+-----------------------+------------------+----------------------------------------------------------------------------------------------------------------------------------------------------------------------------+--------
 rif40_sql_pkg | rif40_create_fdw_view | integer          | drop_objects boolean, fdwservername character varying, fdwservertype character varying, l_view character varying, l_column character varying, sql_stmt character varying[] | normal
(1 row)

CREATE FUNCTION
COMMENT
                                                                      List of functions
    Schema     |          Name          | Result data type |                                  Argument data types                                   |  Type  
---------------+------------------------+------------------+----------------------------------------------------------------------------------------+--------
 rif40_sql_pkg | rif40_create_fdw_views | integer          | drop_objects boolean, fdwservername character varying, fdwservertype character varying | normal
(1 row)

CREATE FUNCTION
COMMENT
                                                                                              List of functions
    Schema     |            Name             | Result data type |                                                        Argument data types                                                        |  Type  
---------------+-----------------------------+------------------+-----------------------------------------------------------------------------------------------------------------------------------+--------
 rif40_sql_pkg | rif40_fdw_table_select_test | text             | l_table_name character varying, l_column_name character varying, fdwservername character varying, fdwservertype character varying | normal
(1 row)

CREATE FUNCTION
COMMENT
                                       List of functions
    Schema     |             Name             | Result data type | Argument data types |  Type  
---------------+------------------------------+------------------+---------------------+--------
 rif40_sql_pkg | rif40_get_function_arg_types | text             | arg_type_list oid[] | normal
(1 row)

CREATE FUNCTION
COMMENT
                                                          List of functions
    Schema     |           Name           | Result data type |                      Argument data types                      |  Type  
---------------+--------------------------+------------------+---------------------------------------------------------------+--------
 rif40_sql_pkg | rif40_num_denom_validate | integer          | l_geography character varying, l_table_name character varying | normal
(1 row)

CREATE FUNCTION
COMMENT
                                            List of functions
    Schema     |            Name            | Result data type |      Argument data types       |  Type  
---------------+----------------------------+------------------+--------------------------------+--------
 rif40_sql_pkg | rif40_is_object_resolvable | integer          | l_table_name character varying | normal
(1 row)

CREATE FUNCTION
COMMENT
                                         List of functions
    Schema     |         Name         | Result data type  |      Argument data types       |  Type  
---------------+----------------------+-------------------+--------------------------------+--------
 rif40_sql_pkg | rif40_object_resolve | character varying | l_table_name character varying | normal
(1 row)

CREATE FUNCTION
COMMENT
                                            List of functions
    Schema     |            Name            | Result data type  |      Argument data types       |  Type  
---------------+----------------------------+-------------------+--------------------------------+--------
 rif40_sql_pkg | rif40_auto_indirect_checks | character varying | l_table_name character varying | normal
(1 row)

CREATE FUNCTION
COMMENT
                                                  List of functions
    Schema     |    Name     | Result data type  |                   Argument data types                    |  Type  
---------------+-------------+-------------------+----------------------------------------------------------+--------
 rif40_sql_pkg | sys_context | character varying | namespace character varying, parameter character varying | normal
(1 row)

  sys_context  
---------------
 sahsuland_dev
(1 row)

 sys_context 
-------------
 rif40
(1 row)

        sys_context         
----------------------------
 20432.2456890.45244.041000
(1 row)

CREATE FUNCTION
COMMENT
                                     List of functions
    Schema     |     Name     |      Result data type       | Argument data types |  Type  
---------------+--------------+-----------------------------+---------------------+--------
 rif40_sql_pkg | systimestamp | timestamp without time zone | tprecision bigint   | normal
(1 row)

 sys_context 
-------------
 NO
(1 row)

CREATE FUNCTION
COMMENT
CREATE FUNCTION
COMMENT
 rif40_does_role_exist 
-----------------------
 f
(1 row)

DO
CREATE FUNCTION
COMMENT
DO
CREATE FUNCTION
COMMENT
                                          List of functions
    Schema     |        Name        |     Result data type     |    Argument data types     |  Type  
---------------+--------------------+--------------------------+----------------------------+--------
 rif40_sql_pkg | _rif40_explain_ddl | TABLE(explain_line text) | sql_stmt character varying | normal
(1 row)

CREATE FUNCTION
COMMENT
CREATE FUNCTION
COMMENT
                                  List of functions
    Schema     |   Name    | Result data type |     Argument data types      |  Type  
---------------+-----------+------------------+------------------------------+--------
 rif40_sql_pkg | rif40_ddl | integer          | sql_stmt character varying   | normal
 rif40_sql_pkg | rif40_ddl | integer          | sql_stmt character varying[] | normal
(2 rows)

DO
CREATE FUNCTION
COMMENT
CREATE FUNCTION
COMMENT
CREATE FUNCTION
COMMENT
CREATE FUNCTION
COMMENT
CREATE FUNCTION
COMMENT
CREATE FUNCTION
COMMENT
DO
CREATE FUNCTION
COMMENT
CREATE FUNCTION
COMMENT
CREATE FUNCTION
COMMENT
DO
CREATE FUNCTION
COMMENT
CREATE FUNCTION
COMMENT
CREATE FUNCTION
COMMENT
CREATE FUNCTION
COMMENT
CREATE FUNCTION
COMMENT
CREATE FUNCTION
COMMENT
DO
CREATE FUNCTION
COMMENT
                                List of functions
    Schema     |     Name      | Result data type | Argument data types |  Type  
---------------+---------------+------------------+---------------------+--------
 rif40_sql_pkg | rif40_startup | void             |                     | normal
(1 row)

GRANT
GRANT
GRANT
GRANT
GRANT
GRANT
GRANT
GRANT
GRANT
GRANT
GRANT
GRANT
GRANT
GRANT
GRANT
GRANT
GRANT
GRANT
GRANT
GRANT
GRANT
GRANT
GRANT
GRANT
GRANT
GRANT
GRANT
GRANT
GRANT
GRANT
GRANT
GRANT
GRANT
GRANT
GRANT
GRANT
GRANT
GRANT
GRANT
GRANT
GRANT
GRANT
GRANT
DO
CREATE FUNCTION
COMMENT
                                 List of functions
    Schema     |       Name       | Result data type | Argument data types |  Type  
---------------+------------------+------------------+---------------------+--------
 rif40_sql_pkg | rif40_ddl_checks | void             |                     | normal
(1 row)

GRANT
GRANT
DO
DO
CREATE TABLE
CREATE INDEX
CREATE INDEX
CREATE INDEX
CREATE INDEX
CREATE INDEX
CREATE INDEX
CREATE INDEX
CREATE INDEX
CREATE INDEX
CREATE TABLE
ALTER TABLE
ALTER TABLE
CREATE TABLE
ALTER TABLE
ALTER TABLE
CREATE INDEX
CREATE INDEX
CREATE TABLE
CREATE TABLE
CREATE INDEX
CREATE TABLE
ALTER TABLE
ALTER TABLE
CREATE TABLE
ALTER TABLE
CREATE TABLE
ALTER TABLE
CREATE INDEX
CREATE INDEX
CREATE TABLE
ALTER TABLE
CREATE TABLE
ALTER TABLE
ALTER TABLE
ALTER TABLE
ALTER TABLE
ALTER TABLE
CREATE INDEX
CREATE TABLE
ALTER TABLE
ALTER TABLE
ALTER TABLE
CREATE TABLE
ALTER TABLE
CREATE TABLE
ALTER TABLE
CREATE INDEX
CREATE TABLE
ALTER TABLE
ALTER TABLE
ALTER TABLE
ALTER TABLE
ALTER TABLE
CREATE INDEX
CREATE INDEX
CREATE TABLE
ALTER TABLE
ALTER TABLE
ALTER TABLE
ALTER TABLE
ALTER TABLE
ALTER TABLE
ALTER TABLE
ALTER TABLE
CREATE TABLE
ALTER TABLE
ALTER TABLE
CREATE TABLE
CREATE INDEX
CREATE TABLE
ALTER TABLE
CREATE TABLE
ALTER TABLE
CREATE INDEX
CREATE TABLE
ALTER TABLE
CREATE TABLE
CREATE INDEX
CREATE INDEX
CREATE INDEX
CREATE INDEX
CREATE TABLE
ALTER TABLE
ALTER TABLE
ALTER TABLE
CREATE TABLE
ALTER TABLE
CREATE TABLE
ALTER TABLE
ALTER TABLE
ALTER TABLE
ALTER TABLE
ALTER TABLE
ALTER TABLE
CREATE TABLE
ALTER TABLE
ALTER TABLE
CREATE TABLE
ALTER TABLE
CREATE TABLE
ALTER TABLE
CREATE INDEX
CREATE INDEX
CREATE TABLE
CREATE INDEX
CREATE TABLE
ALTER TABLE
CREATE INDEX
CREATE INDEX
CREATE TABLE
ALTER TABLE
CREATE INDEX
CREATE TABLE
ALTER TABLE
CREATE TABLE
ALTER TABLE
CREATE TABLE
CREATE INDEX
CREATE TABLE
ALTER TABLE
CREATE INDEX
CREATE TABLE
ALTER TABLE
ALTER TABLE
CREATE TABLE
CREATE INDEX
CREATE TABLE
ALTER TABLE
ALTER TABLE
CREATE TABLE
CREATE INDEX
CREATE TABLE
ALTER TABLE
ALTER TABLE
CREATE INDEX
CREATE INDEX
CREATE TABLE
ALTER TABLE
CREATE INDEX
CREATE INDEX
CREATE TABLE
ALTER TABLE
ALTER TABLE
ALTER TABLE
ALTER TABLE
ALTER TABLE
ALTER TABLE
CREATE TABLE
CREATE INDEX
CREATE INDEX
CREATE INDEX
CREATE INDEX
CREATE INDEX
CREATE INDEX
CREATE INDEX
CREATE INDEX
CREATE INDEX
CREATE INDEX
CREATE TABLE
ALTER TABLE
CREATE TABLE
CREATE TABLE
ALTER TABLE
CREATE TABLE
ALTER TABLE
CREATE TABLE
ALTER TABLE
ALTER TABLE
ALTER TABLE
ALTER TABLE
CREATE INDEX
CREATE INDEX
CREATE INDEX
CREATE TABLE
ALTER TABLE
ALTER TABLE
ALTER TABLE
ALTER TABLE
ALTER TABLE
ALTER TABLE
ALTER TABLE
ALTER TABLE
ALTER TABLE
ALTER TABLE
ALTER TABLE
ALTER TABLE
ALTER TABLE
ALTER TABLE
ALTER TABLE
ALTER TABLE
ALTER TABLE
ALTER TABLE
ALTER TABLE
ALTER TABLE
ALTER TABLE
ALTER TABLE
ALTER TABLE
ALTER TABLE
ALTER TABLE
ALTER TABLE
ALTER TABLE
ALTER TABLE
ALTER TABLE
ALTER TABLE
ALTER TABLE
ALTER TABLE
ALTER TABLE
ALTER TABLE
ALTER TABLE
ALTER TABLE
DO
DO
CREATE TABLE
GRANT
CREATE TABLE
GRANT
CREATE TABLE
GRANT
DO
DO
CREATE VIEW
CREATE VIEW
CREATE VIEW
CREATE VIEW
CREATE VIEW
CREATE VIEW
CREATE VIEW
CREATE VIEW
CREATE VIEW
CREATE VIEW
CREATE VIEW
CREATE VIEW
CREATE VIEW
CREATE VIEW
CREATE VIEW
CREATE VIEW
DO
DO
COMMENT
COMMENT
COMMENT
COMMENT
COMMENT
COMMENT
COMMENT
COMMENT
COMMENT
COMMENT
COMMENT
COMMENT
COMMENT
COMMENT
COMMENT
COMMENT
COMMENT
COMMENT
COMMENT
COMMENT
COMMENT
COMMENT
COMMENT
COMMENT
COMMENT
COMMENT
COMMENT
COMMENT
COMMENT
COMMENT
COMMENT
COMMENT
COMMENT
COMMENT
COMMENT
COMMENT
COMMENT
COMMENT
COMMENT
COMMENT
COMMENT
COMMENT
COMMENT
COMMENT
COMMENT
COMMENT
COMMENT
COMMENT
COMMENT
COMMENT
COMMENT
COMMENT
COMMENT
COMMENT
COMMENT
COMMENT
COMMENT
COMMENT
COMMENT
COMMENT
COMMENT
COMMENT
COMMENT
COMMENT
COMMENT
COMMENT
COMMENT
COMMENT
COMMENT
COMMENT
COMMENT
COMMENT
COMMENT
COMMENT
COMMENT
COMMENT
COMMENT
COMMENT
COMMENT
COMMENT
COMMENT
COMMENT
COMMENT
COMMENT
COMMENT
COMMENT
COMMENT
COMMENT
COMMENT
COMMENT
COMMENT
COMMENT
COMMENT
COMMENT
COMMENT
COMMENT
COMMENT
COMMENT
COMMENT
COMMENT
COMMENT
COMMENT
COMMENT
COMMENT
COMMENT
COMMENT
COMMENT
COMMENT
COMMENT
COMMENT
COMMENT
COMMENT
COMMENT
COMMENT
COMMENT
COMMENT
COMMENT
COMMENT
COMMENT
COMMENT
COMMENT
COMMENT
COMMENT
COMMENT
COMMENT
COMMENT
COMMENT
COMMENT
COMMENT
COMMENT
COMMENT
COMMENT
COMMENT
COMMENT
COMMENT
COMMENT
COMMENT
COMMENT
COMMENT
COMMENT
COMMENT
COMMENT
COMMENT
COMMENT
COMMENT
COMMENT
COMMENT
COMMENT
COMMENT
COMMENT
COMMENT
COMMENT
COMMENT
COMMENT
COMMENT
COMMENT
COMMENT
COMMENT
COMMENT
COMMENT
COMMENT
COMMENT
COMMENT
COMMENT
COMMENT
COMMENT
COMMENT
COMMENT
COMMENT
COMMENT
COMMENT
COMMENT
COMMENT
COMMENT
COMMENT
COMMENT
COMMENT
COMMENT
COMMENT
COMMENT
COMMENT
COMMENT
COMMENT
COMMENT
COMMENT
COMMENT
COMMENT
COMMENT
COMMENT
COMMENT
COMMENT
COMMENT
COMMENT
COMMENT
COMMENT
COMMENT
COMMENT
COMMENT
COMMENT
COMMENT
COMMENT
COMMENT
COMMENT
COMMENT
COMMENT
COMMENT
COMMENT
COMMENT
COMMENT
COMMENT
COMMENT
COMMENT
COMMENT
COMMENT
COMMENT
COMMENT
COMMENT
COMMENT
COMMENT
COMMENT
COMMENT
COMMENT
COMMENT
COMMENT
COMMENT
COMMENT
COMMENT
COMMENT
COMMENT
COMMENT
COMMENT
COMMENT
COMMENT
COMMENT
COMMENT
COMMENT
COMMENT
COMMENT
COMMENT
COMMENT
COMMENT
COMMENT
COMMENT
COMMENT
COMMENT
COMMENT
COMMENT
COMMENT
COMMENT
COMMENT
COMMENT
COMMENT
COMMENT
COMMENT
COMMENT
COMMENT
COMMENT
COMMENT
COMMENT
COMMENT
COMMENT
COMMENT
COMMENT
COMMENT
COMMENT
COMMENT
COMMENT
COMMENT
COMMENT
COMMENT
COMMENT
COMMENT
COMMENT
COMMENT
COMMENT
COMMENT
COMMENT
COMMENT
COMMENT
COMMENT
COMMENT
COMMENT
COMMENT
COMMENT
COMMENT
COMMENT
COMMENT
COMMENT
COMMENT
COMMENT
COMMENT
COMMENT
COMMENT
COMMENT
COMMENT
COMMENT
COMMENT
COMMENT
COMMENT
COMMENT
COMMENT
COMMENT
COMMENT
COMMENT
COMMENT
COMMENT
COMMENT
COMMENT
COMMENT
COMMENT
COMMENT
COMMENT
COMMENT
COMMENT
COMMENT
COMMENT
COMMENT
COMMENT
COMMENT
COMMENT
COMMENT
COMMENT
COMMENT
COMMENT
COMMENT
COMMENT
COMMENT
COMMENT
COMMENT
COMMENT
COMMENT
COMMENT
COMMENT
COMMENT
COMMENT
COMMENT
COMMENT
COMMENT
COMMENT
COMMENT
COMMENT
COMMENT
COMMENT
COMMENT
COMMENT
COMMENT
COMMENT
COMMENT
COMMENT
COMMENT
COMMENT
COMMENT
COMMENT
COMMENT
COMMENT
COMMENT
COMMENT
COMMENT
COMMENT
COMMENT
COMMENT
COMMENT
COMMENT
COMMENT
COMMENT
COMMENT
COMMENT
COMMENT
COMMENT
COMMENT
COMMENT
COMMENT
COMMENT
COMMENT
COMMENT
COMMENT
COMMENT
COMMENT
COMMENT
COMMENT
COMMENT
COMMENT
COMMENT
COMMENT
COMMENT
COMMENT
DO
CREATE FUNCTION
COMMENT
CREATE FUNCTION
COMMENT
CREATE FUNCTION
COMMENT
CREATE FUNCTION
COMMENT
CREATE FUNCTION
COMMENT
CREATE FUNCTION
COMMENT
CREATE FUNCTION
COMMENT
CREATE FUNCTION
COMMENT
CREATE FUNCTION
COMMENT
CREATE FUNCTION
COMMENT
CREATE FUNCTION
COMMENT
DO
CREATE FUNCTION
COMMENT
GRANT
GRANT
GRANT
CREATE FUNCTION
COMMENT
CREATE FUNCTION
COMMENT
CREATE FUNCTION
COMMENT
CREATE FUNCTION
COMMENT
CREATE FUNCTION
COMMENT
CREATE FUNCTION
COMMENT
CREATE FUNCTION
COMMENT
CREATE FUNCTION
COMMENT
CREATE FUNCTION
COMMENT
CREATE FUNCTION
COMMENT
CREATE FUNCTION
COMMENT
DROP FUNCTION
CREATE FUNCTION
COMMENT
GRANT
GRANT
GRANT
GRANT
GRANT
GRANT
GRANT
GRANT
GRANT
GRANT
GRANT
GRANT
GRANT
GRANT
GRANT
GRANT
GRANT
GRANT
GRANT
GRANT
GRANT
GRANT
GRANT
GRANT
GRANT
GRANT
GRANT
GRANT
GRANT
GRANT
GRANT
GRANT
GRANT
GRANT
GRANT
GRANT
GRANT
GRANT
GRANT
GRANT
GRANT
GRANT
GRANT
GRANT
GRANT
GRANT
                                                 List of functions
    Schema     |                  Name                  | Result data type |      Argument data types      |  Type  
---------------+----------------------------------------+------------------+-------------------------------+--------
 rif40_geo_pkg | create_rif40_geolevels_geometry_tables | void             |                               | normal
 rif40_geo_pkg | create_rif40_geolevels_geometry_tables | void             | t_geography character varying | normal
(2 rows)

                                                List of functions
    Schema     |                 Name                 | Result data type |      Argument data types      |  Type  
---------------+--------------------------------------+------------------+-------------------------------+--------
 rif40_geo_pkg | create_rif40_geolevels_lookup_tables | void             |                               | normal
 rif40_geo_pkg | create_rif40_geolevels_lookup_tables | void             | l_geography character varying | normal
(2 rows)

                                              List of functions
    Schema     |                Name                | Result data type |     Argument data types     |  Type  
---------------+------------------------------------+------------------+-----------------------------+--------
 rif40_geo_pkg | drop_rif40_geolevels_lookup_tables | void             |                             | normal
 rif40_geo_pkg | drop_rif40_geolevels_lookup_tables | void             | geography character varying | normal
(2 rows)

                                                List of functions
    Schema     |                 Name                 | Result data type |      Argument data types      |  Type  
---------------+--------------------------------------+------------------+-------------------------------+--------
 rif40_geo_pkg | drop_rif40_geolevels_geometry_tables | void             |                               | normal
 rif40_geo_pkg | drop_rif40_geolevels_geometry_tables | void             | t_geography character varying | normal
(2 rows)

                                             List of functions
    Schema     |              Name              | Result data type |      Argument data types      |  Type  
---------------+--------------------------------+------------------+-------------------------------+--------
 rif40_geo_pkg | populate_rif40_geometry_tables | void             |                               | normal
 rif40_geo_pkg | populate_rif40_geometry_tables | void             | l_geography character varying | normal
(2 rows)

                                                                                      List of functions
    Schema     |               Name                |  Result data type   |                                           Argument data types                                            |  Type  
---------------+-----------------------------------+---------------------+----------------------------------------------------------------------------------------------------------+--------
 rif40_geo_pkg | rif40_get_default_comparison_area | character varying[] | l_geography character varying, geolevel_select character varying, geolevel_selection character varying[] | normal
(1 row)

DO
CREATE FUNCTION
COMMENT
CREATE FUNCTION
COMMENT
CREATE FUNCTION
COMMENT
CREATE FUNCTION
COMMENT
DO
DO
CREATE FUNCTION
COMMENT
GRANT
DO
CREATE FUNCTION
GRANT
GRANT
GRANT
COMMENT
DO
CREATE FUNCTION
GRANT
COMMENT
DO
CREATE FUNCTION
GRANT
COMMENT
DO
CREATE FUNCTION
GRANT
COMMENT
DO
CREATE FUNCTION
GRANT
COMMENT
CREATE FUNCTION
GRANT
COMMENT
CREATE FUNCTION
GRANT
COMMENT
CREATE FUNCTION
GRANT
COMMENT
CREATE FUNCTION
GRANT
GRANT
GRANT
COMMENT
CREATE FUNCTION
GRANT
GRANT
COMMENT
CREATE FUNCTION
GRANT
GRANT
COMMENT
CREATE FUNCTION
COMMENT
GRANT
GRANT
DO
DROP TYPE
DROP TYPE
CREATE TYPE
CREATE TYPE
CREATE FUNCTION
COMMENT
GRANT
GRANT
DO
DROP TRIGGER
DROP FUNCTION
DO
CREATE FUNCTION
COMMENT
DO
CREATE FUNCTION
COMMENT
CREATE FUNCTION
COMMENT
CREATE FUNCTION
COMMENT
                                                                                                             List of functions
    Schema     |           Name            | Result data type |                                                                        Argument data types                                                                         |  Type  
---------------+---------------------------+------------------+--------------------------------------------------------------------------------------------------------------------------------------------------------------------+--------
 rif40_trg_pkg | rif40_sql_injection_check | void             | table_name character varying, study_id character varying, inv_id character varying, line_number character varying, name character varying, value character varying | normal
(1 row)

GRANT
GRANT
CREATE FUNCTION
COMMENT
                                      List of functions
    Schema     |           Name            | Result data type | Argument data types |  Type  
---------------+---------------------------+------------------+---------------------+--------
 rif40_trg_pkg | rif40_drop_table_triggers | void             |                     | normal
(1 row)

GRANT
                                                    List of functions
    Schema     |        Name         | Result data type |                  Argument data types                   |  Type  
---------------+---------------------+------------------+--------------------------------------------------------+--------
 rif40_trg_pkg | rif40_db_name_check | void             | column_name character varying, value character varying | normal
(1 row)

GRANT
GRANT
                                      List of functions
    Schema     |            Name            | Result data type | Argument data types |  Type  
---------------+----------------------------+------------------+---------------------+--------
 rif40_trg_pkg | create_instead_of_triggers | void             |                     | normal
(1 row)

GRANT
                                     List of functions
    Schema     |           Name           | Result data type | Argument data types |  Type  
---------------+--------------------------+------------------+---------------------+--------
 rif40_trg_pkg | drop_instead_of_triggers | void             |                     | normal
(1 row)

GRANT
CREATE FUNCTION
COMMENT
                       List of functions
 Schema | Name | Result data type | Argument data types | Type 
--------+------+------------------+---------------------+------
(0 rows)

GRANT
GRANT
DO
                                                                                 View "rif40.rif40_comparison_areas"
  Column  |          Type          | Modifiers | Storage  |                                                                Description                                                                
----------+------------------------+-----------+----------+-------------------------------------------------------------------------------------------------------------------------------------------
 username | character varying(90)  |           | extended | Username
 study_id | integer                |           | plain    | Unique study index: study_id. Created by SEQUENCE rif40_study_id_seq
 area_id  | character varying(300) |           | extended | An area id, the value of a geolevel; i.e. the value of the column T_RIF40_GEOLEVELS.GEOLEVEL_NAME in table T_RIF40_GEOLEVELS.LOOKUP_TABLE
View definition:
 SELECT c.username,
    c.study_id,
    c.area_id
   FROM t_rif40_comparison_areas c
   LEFT JOIN rif40_study_shares s ON c.study_id = s.study_id AND s.grantee_username::name = "current_user"()
  WHERE c.username::name = "current_user"() OR 'RIF_MANAGER'::text = (( SELECT user_role_privs.granted_role
      FROM user_role_privs
     WHERE user_role_privs.granted_role = 'RIF_MANAGER'::text)) OR s.grantee_username IS NOT NULL AND s.grantee_username::text <> ''::text
  ORDER BY c.username;
Triggers:
    trg_rif40_comparison_areas INSTEAD OF INSERT OR DELETE OR UPDATE ON rif40_comparison_areas FOR EACH ROW EXECUTE PROCEDURE rif40_trg_pkg.trgf_rif40_comparison_areas()

                       List of functions
 Schema | Name | Result data type | Argument data types | Type 
--------+------+------------------+---------------------+------
(0 rows)

                                       List of functions
    Schema     |            Name             | Result data type | Argument data types |  Type   
---------------+-----------------------------+------------------+---------------------+---------
 rif40_trg_pkg | trgf_rif40_comparison_areas | trigger          |                     | trigger
(1 row)

                                                                                        Object descriptions
 Schema |            Name            | Object  |                                                                    Description                                                                    
--------+----------------------------+---------+---------------------------------------------------------------------------------------------------------------------------------------------------
 rif40  | trg_rif40_comparison_areas | trigger | INSTEAD OF trigger for view T_RIF40_COMPARISON_AREAS to allow INSERT/UPDATE/DELETE. INSERT/UPDATE/DELETE of another users data is NOT permitted. +
        |                            |         |  [NO TABLE/VIEW comments available]
(1 row)

         Object descriptions
 Schema | Name | Object | Description 
--------+------+--------+-------------
(0 rows)

         Object descriptions
 Schema | Name | Object | Description 
--------+------+--------+-------------
(0 rows)

        tablename         |        viewname        |        trigger_name        
--------------------------+------------------------+----------------------------
 t_rif40_comparison_areas | rif40_comparison_areas | trg_rif40_comparison_areas
 t_rif40_contextual_stats | rif40_contextual_stats | trg_rif40_contextual_stats
 t_rif40_fdw_tables       | rif40_fdw_tables       | trg_rif40_fdw_tables
 t_rif40_inv_conditions   | rif40_inv_conditions   | trg_rif40_inv_conditions
 t_rif40_inv_covariates   | rif40_inv_covariates   | trg_rif40_inv_covariates
 t_rif40_investigations   | rif40_investigations   | trg_rif40_investigations
 t_rif40_parameters       | rif40_parameters       | 
 t_rif40_results          | rif40_results          | trg_rif40_results
 t_rif40_studies          | rif40_studies          | trg_rif40_studies
 t_rif40_study_areas      | rif40_study_areas      | trg_rif40_study_areas
 t_rif40_study_sql        | rif40_study_sql        | trg_rif40_study_sql
 t_rif40_study_sql_log    | rif40_study_sql_log    | trg_rif40_study_sql_log
 t_rif40_user_projects    | rif40_user_projects    | trg_rif40_user_projects
(13 rows)

CREATE FUNCTION
CREATE TRIGGER
COMMENT
COMMENT
GRANT
GRANT
DO
DO
DO
CREATE FUNCTION
COMMENT
CREATE TRIGGER
COMMENT
CREATE TRIGGER
COMMENT
CREATE FUNCTION
COMMENT
CREATE TRIGGER
COMMENT
CREATE TRIGGER
COMMENT
CREATE FUNCTION
COMMENT
CREATE TRIGGER
COMMENT
CREATE TRIGGER
COMMENT
CREATE FUNCTION
COMMENT
CREATE TRIGGER
COMMENT
CREATE TRIGGER
COMMENT
CREATE FUNCTION
COMMENT
CREATE TRIGGER
COMMENT
CREATE TRIGGER
COMMENT
CREATE FUNCTION
COMMENT
CREATE TRIGGER
COMMENT
CREATE TRIGGER
COMMENT
CREATE FUNCTION
COMMENT
CREATE TRIGGER
COMMENT
CREATE TRIGGER
COMMENT
CREATE FUNCTION
COMMENT
CREATE TRIGGER
COMMENT
CREATE TRIGGER
COMMENT
CREATE FUNCTION
COMMENT
CREATE TRIGGER
COMMENT
CREATE TRIGGER
COMMENT
DROP TRIGGER
CREATE FUNCTION
COMMENT
CREATE TRIGGER
COMMENT
DROP TRIGGER
CREATE FUNCTION
COMMENT
CREATE TRIGGER
COMMENT
CREATE TRIGGER
COMMENT
DROP TRIGGER
CREATE FUNCTION
COMMENT
CREATE TRIGGER
COMMENT
DROP TRIGGER
CREATE FUNCTION
COMMENT
CREATE TRIGGER
COMMENT
CREATE TRIGGER
COMMENT
DROP TRIGGER
CREATE FUNCTION
COMMENT
CREATE TRIGGER
COMMENT
DO
DROP TRIGGER
DROP TRIGGER
CREATE FUNCTION
COMMENT
CREATE TRIGGER
COMMENT
CREATE TRIGGER
COMMENT
DROP TRIGGER
CREATE FUNCTION
COMMENT
CREATE TRIGGER
COMMENT
DROP TRIGGER
CREATE FUNCTION
COMMENT
CREATE TRIGGER
COMMENT
DROP TRIGGER
CREATE FUNCTION
COMMENT
CREATE TRIGGER
COMMENT
CREATE TRIGGER
COMMENT
DROP TRIGGER
CREATE FUNCTION
CREATE TRIGGER
CREATE TRIGGER
GRANT
GRANT
COMMENT
COMMENT
COMMENT
DROP TRIGGER
CREATE FUNCTION
CREATE TRIGGER
CREATE TRIGGER
COMMENT
COMMENT
COMMENT
DROP TRIGGER
CREATE FUNCTION
CREATE TRIGGER
CREATE TRIGGER
COMMENT
COMMENT
COMMENT
DROP TRIGGER
CREATE FUNCTION
CREATE TRIGGER
CREATE TRIGGER
COMMENT
COMMENT
COMMENT
DROP TRIGGER
CREATE FUNCTION
CREATE TRIGGER
CREATE TRIGGER
COMMENT
COMMENT
COMMENT
DROP TRIGGER
CREATE FUNCTION
CREATE TRIGGER
CREATE TRIGGER
COMMENT
COMMENT
COMMENT
DELETE 0
INSERT 0 1
INSERT 0 1
INSERT 0 1
INSERT 0 1
INSERT 0 1
INSERT 0 1
INSERT 0 1
INSERT 0 1
INSERT 0 1
INSERT 0 1
INSERT 0 1
INSERT 0 1
INSERT 0 1
INSERT 0 1
INSERT 0 1
INSERT 0 1
INSERT 0 1
DELETE 0
INSERT 0 1
